>>> from main import *
>>> foobar()
Traceback (most recent call last):
    ...
TypeError: foobar() missing 1 required positional argument: 'n'
>>> foobar(1,2)
Traceback (most recent call last):
    ...
TypeError: foobar() takes 1 positional argument but 2 were given
>>> foobar(15)
Foobar
>>> foobar(6)
Foo
>>> foobar(10)
Bar
>>> foobar(11)
""